<feed xmlns="http://www.w3.org/2005/Atom" xmlns:batch="http://schemas.google.com/gdata/batch" xmlns:gs="http://schemas.google.com/spreadsheets/2006"><id>https://spreadsheets.google.com/feeds/cells/XXXXXXX/od6/private/full</id><entry><batch:id>R1C1</batch:id><batch:operation type="update" /><id>https://spreadsheets.google.com/feeds/cells/XXXXXXX/od6/private/full/R1C1</id><link href="https://spreadsheets.google.com/feeds/cells/XXXXXXX/od6/private/full/R1C1" rel="edit" type="application/atom+xml" /><gs:cell col="1" inputValue="Thingy" row="1" /></entry><entry><batch:id>R1C2</batch:id><batch:operation type="update" /><id>https://spreadsheets.google.com/feeds/cells/XXXXXXX/od6/private/full/R1C2</id><link href="https://spreadsheets.google.com/feeds/cells/XXXXXXX/od6/private/full/R1C2" rel="edit" type="application/atom+xml" /><gs:cell col="2" inputValue="Syntax" row="1" /></entry><entry><batch:id>R1C3</batch:id><batch:operation type="update" /><id>https://spreadsheets.google.com/feeds/cells/XXXXXXX/od6/private/full/R1C3</id><link href="https://spreadsheets.google.com/feeds/cells/XXXXXXX/od6/private/full/R1C3" rel="edit" type="application/atom+xml" /><gs:cell col="3" inputValue="Numeric Column" row="1" /></entry><entry><batch:id>R1C4</batch:id><batch:operation type="update" /><id>https://spreadsheets.google.com/feeds/cells/XXXXXXX/od6/private/full/R1C4</id><link href="https://spreadsheets.google.com/feeds/cells/XXXXXXX/od6/private/full/R1C4" rel="edit" type="application/atom+xml" /><gs:cell col="4" inputValue="Formula Column" row="1" /></entry><entry><batch:id>R1C5</batch:id><batch:operation type="update" /><id>https://spreadsheets.google.com/feeds/cells/XXXXXXX/od6/private/full/R1C5</id><link href="https://spreadsheets.google.com/feeds/cells/XXXXXXX/od6/private/full/R1C5" rel="edit" type="application/atom+xml" /><gs:cell col="5" inputValue="Date Column" row="1" /></entry><entry><batch:id>R1C6</batch:id><batch:operation type="update" /><id>https://spreadsheets.google.com/feeds/cells/XXXXXXX/od6/private/full/R1C6</id><link href="https://spreadsheets.google.com/feeds/cells/XXXXXXX/od6/private/full/R1C6" rel="edit" type="application/atom+xml" /><gs:cell col="6" inputValue="Values are..." row="1" /></entry><entry><batch:id>R1C7</batch:id><batch:operation type="update" /><id>https://spreadsheets.google.com/feeds/cells/XXXXXXX/od6/private/full/R1C7</id><link href="https://spreadsheets.google.com/feeds/cells/XXXXXXX/od6/private/full/R1C7" rel="edit" type="application/atom+xml" /><gs:cell col="7" inputValue="Selection" row="1" /></entry><entry><batch:id>R1C8</batch:id><batch:operation type="update" /><id>https://spreadsheets.google.com/feeds/cells/XXXXXXX/od6/private/full/R1C8</id><link href="https://spreadsheets.google.com/feeds/cells/XXXXXXX/od6/private/full/R1C8" rel="edit" type="application/atom+xml" /><gs:cell col="8" inputValue="Label(s) referencible in chart title" row="1" /></entry><entry><batch:id>R1C9</batch:id><batch:operation type="update" /><id>https://spreadsheets.google.com/feeds/cells/XXXXXXX/od6/private/full/R1C9</id><link href="https://spreadsheets.google.com/feeds/cells/XXXXXXX/od6/private/full/R1C9" rel="edit" type="application/atom+xml" /><gs:cell col="9" inputValue="Dialect-specific implementations" row="1" /></entry><entry><batch:id>R1C10</batch:id><batch:operation type="update" /><id>https://spreadsheets.google.com/feeds/cells/XXXXXXX/od6/private/full/R1C10</id><link href="https://spreadsheets.google.com/feeds/cells/XXXXXXX/od6/private/full/R1C10" rel="edit" type="application/atom+xml" /><gs:cell col="10" inputValue="Notes" row="1" /></entry><entry><batch:id>R2C1</batch:id><batch:operation type="update" /><id>https://spreadsheets.google.com/feeds/cells/XXXXXXX/od6/private/full/R2C1</id><link href="https://spreadsheets.google.com/feeds/cells/XXXXXXX/od6/private/full/R2C1" rel="edit" type="application/atom+xml" /><gs:cell col="1" inputValue="filter" row="2" /></entry><entry><batch:id>R2C2</batch:id><batch:operation type="update" /><id>https://spreadsheets.google.com/feeds/cells/XXXXXXX/od6/private/full/R2C2</id><link href="https://spreadsheets.google.com/feeds/cells/XXXXXXX/od6/private/full/R2C2" rel="edit" type="application/atom+xml" /><gs:cell col="2" inputValue="[expr=foo]" row="2" /></entry><entry><batch:id>R2C3</batch:id><batch:operation type="update" /><id>https://spreadsheets.google.com/feeds/cells/XXXXXXX/od6/private/full/R2C3</id><link href="https://spreadsheets.google.com/feeds/cells/XXXXXXX/od6/private/full/R2C3" rel="edit" type="application/atom+xml" /><gs:cell col="3" inputValue="[1, 2, 3]" row="2" /></entry><entry><batch:id>R2C4</batch:id><batch:operation type="update" /><id>https://spreadsheets.google.com/feeds/cells/XXXXXXX/od6/private/full/R2C4</id><link href="https://spreadsheets.google.com/feeds/cells/XXXXXXX/od6/private/full/R2C4" rel="edit" type="application/atom+xml" /><gs:cell col="4" inputValue="=R[0]C[-1]*2" row="2" /></entry><entry><batch:id>R2C5</batch:id><batch:operation type="update" /><id>https://spreadsheets.google.com/feeds/cells/XXXXXXX/od6/private/full/R2C5</id><link href="https://spreadsheets.google.com/feeds/cells/XXXXXXX/od6/private/full/R2C5" rel="edit" type="application/atom+xml" /><gs:cell col="5" inputValue="2017-03-04" row="2" /></entry><entry><batch:id>R2C6</batch:id><batch:operation type="update" /><id>https://spreadsheets.google.com/feeds/cells/XXXXXXX/od6/private/full/R2C6</id><link href="https://spreadsheets.google.com/feeds/cells/XXXXXXX/od6/private/full/R2C6" rel="edit" type="application/atom+xml" /><gs:cell col="6" inputValue="literals" row="2" /></entry><entry><batch:id>R2C7</batch:id><batch:operation type="update" /><id>https://spreadsheets.google.com/feeds/cells/XXXXXXX/od6/private/full/R2C7</id><link href="https://spreadsheets.google.com/feeds/cells/XXXXXXX/od6/private/full/R2C7" rel="edit" type="application/atom+xml" /><gs:cell col="7" inputValue="multiple" row="2" /></entry><entry><batch:id>R2C8</batch:id><batch:operation type="update" /><id>https://spreadsheets.google.com/feeds/cells/XXXXXXX/od6/private/full/R2C8</id><link href="https://spreadsheets.google.com/feeds/cells/XXXXXXX/od6/private/full/R2C8" rel="edit" type="application/atom+xml" /><gs:cell col="8" inputValue="no" row="2" /></entry><entry><batch:id>R2C9</batch:id><batch:operation type="update" /><id>https://spreadsheets.google.com/feeds/cells/XXXXXXX/od6/private/full/R2C9</id><link href="https://spreadsheets.google.com/feeds/cells/XXXXXXX/od6/private/full/R2C9" rel="edit" type="application/atom+xml" /><gs:cell col="9" inputValue="???" row="2" /></entry><entry><batch:id>R2C10</batch:id><batch:operation type="update" /><id>https://spreadsheets.google.com/feeds/cells/XXXXXXX/od6/private/full/R2C10</id><link href="https://spreadsheets.google.com/feeds/cells/XXXXXXX/od6/private/full/R2C10" rel="edit" type="application/atom+xml" /><gs:cell col="10" inputValue="" row="2" /></entry><entry><batch:id>R3C1</batch:id><batch:operation type="update" /><id>https://spreadsheets.google.com/feeds/cells/XXXXXXX/od6/private/full/R3C1</id><link href="https://spreadsheets.google.com/feeds/cells/XXXXXXX/od6/private/full/R3C1" rel="edit" type="application/atom+xml" /><gs:cell col="1" inputValue="daterange" row="3" /></entry><entry><batch:id>R3C2</batch:id><batch:operation type="update" /><id>https://spreadsheets.google.com/feeds/cells/XXXXXXX/od6/private/full/R3C2</id><link href="https://spreadsheets.google.com/feeds/cells/XXXXXXX/od6/private/full/R3C2" rel="edit" type="application/atom+xml" /><gs:cell col="2" inputValue="[expr=daterange]" row="3" /></entry><entry><batch:id>R3C3</batch:id><batch:operation type="update" /><id>https://spreadsheets.google.com/feeds/cells/XXXXXXX/od6/private/full/R3C3</id><link href="https://spreadsheets.google.com/feeds/cells/XXXXXXX/od6/private/full/R3C3" rel="edit" type="application/atom+xml" /><gs:cell col="3" inputValue="2.01" row="3" /></entry><entry><batch:id>R3C4</batch:id><batch:operation type="update" /><id>https://spreadsheets.google.com/feeds/cells/XXXXXXX/od6/private/full/R3C4</id><link href="https://spreadsheets.google.com/feeds/cells/XXXXXXX/od6/private/full/R3C4" rel="edit" type="application/atom+xml" /><gs:cell col="4" inputValue="=R[0]C[-1]*2" row="3" /></entry><entry><batch:id>R3C5</batch:id><batch:operation type="update" /><id>https://spreadsheets.google.com/feeds/cells/XXXXXXX/od6/private/full/R3C5</id><link href="https://spreadsheets.google.com/feeds/cells/XXXXXXX/od6/private/full/R3C5" rel="edit" type="application/atom+xml" /><gs:cell col="5" inputValue="2017-03-05" row="3" /></entry><entry><batch:id>R3C6</batch:id><batch:operation type="update" /><id>https://spreadsheets.google.com/feeds/cells/XXXXXXX/od6/private/full/R3C6</id><link href="https://spreadsheets.google.com/feeds/cells/XXXXXXX/od6/private/full/R3C6" rel="edit" type="application/atom+xml" /><gs:cell col="6" inputValue="sometimes-parameterized SQL expressions" row="3" /></entry><entry><batch:id>R3C7</batch:id><batch:operation type="update" /><id>https://spreadsheets.google.com/feeds/cells/XXXXXXX/od6/private/full/R3C7</id><link href="https://spreadsheets.google.com/feeds/cells/XXXXXXX/od6/private/full/R3C7" rel="edit" type="application/atom+xml" /><gs:cell col="7" inputValue="single, REQUIRED" row="3" /></entry><entry><batch:id>R3C8</batch:id><batch:operation type="update" /><id>https://spreadsheets.google.com/feeds/cells/XXXXXXX/od6/private/full/R3C8</id><link href="https://spreadsheets.google.com/feeds/cells/XXXXXXX/od6/private/full/R3C8" rel="edit" type="application/atom+xml" /><gs:cell col="8" inputValue="yes as [daterange]" row="3" /></entry><entry><batch:id>R3C9</batch:id><batch:operation type="update" /><id>https://spreadsheets.google.com/feeds/cells/XXXXXXX/od6/private/full/R3C9</id><link href="https://spreadsheets.google.com/feeds/cells/XXXXXXX/od6/private/full/R3C9" rel="edit" type="application/atom+xml" /><gs:cell col="9" inputValue="yes probably" row="3" /></entry><entry><batch:id>R3C10</batch:id><batch:operation type="update" /><id>https://spreadsheets.google.com/feeds/cells/XXXXXXX/od6/private/full/R3C10</id><link href="https://spreadsheets.google.com/feeds/cells/XXXXXXX/od6/private/full/R3C10" rel="edit" type="application/atom+xml" /><gs:cell col="10" inputValue="static SQL but uses account's timezone setting to determine what SQL intervals to emit; Custom Date Range selection exposes two date pickers and provides the values. This is the only case I can see where more than one parameter is needed. Also, start date or end date can be empty, which should remove its clauses entirely. If not selected or reset, defaults to &quot;All Dates&quot; which appears as &quot;all time&quot; in chart titles. (UI bug fails to show All Dates as selected when filters are reset.)" row="3" /></entry><entry><batch:id>R4C1</batch:id><batch:operation type="update" /><id>https://spreadsheets.google.com/feeds/cells/XXXXXXX/od6/private/full/R4C1</id><link href="https://spreadsheets.google.com/feeds/cells/XXXXXXX/od6/private/full/R4C1" rel="edit" type="application/atom+xml" /><gs:cell col="1" inputValue="aggregation" row="4" /></entry><entry><batch:id>R4C2</batch:id><batch:operation type="update" /><id>https://spreadsheets.google.com/feeds/cells/XXXXXXX/od6/private/full/R4C2</id><link href="https://spreadsheets.google.com/feeds/cells/XXXXXXX/od6/private/full/R4C2" rel="edit" type="application/atom+xml" /><gs:cell col="2" inputValue="[expr:aggregation]" row="4" /></entry><entry><batch:id>R4C3</batch:id><batch:operation type="update" /><id>https://spreadsheets.google.com/feeds/cells/XXXXXXX/od6/private/full/R4C3</id><link href="https://spreadsheets.google.com/feeds/cells/XXXXXXX/od6/private/full/R4C3" rel="edit" type="application/atom+xml" /><gs:cell col="3" inputValue="2.907" row="4" /></entry><entry><batch:id>R4C4</batch:id><batch:operation type="update" /><id>https://spreadsheets.google.com/feeds/cells/XXXXXXX/od6/private/full/R4C4</id><link href="https://spreadsheets.google.com/feeds/cells/XXXXXXX/od6/private/full/R4C4" rel="edit" type="application/atom+xml" /><gs:cell col="4" inputValue="=R[0]C[-1]*2" row="4" /></entry><entry><batch:id>R4C5</batch:id><batch:operation type="update" /><id>https://spreadsheets.google.com/feeds/cells/XXXXXXX/od6/private/full/R4C5</id><link href="https://spreadsheets.google.com/feeds/cells/XXXXXXX/od6/private/full/R4C5" rel="edit" type="application/atom+xml" /><gs:cell col="5" inputValue="2017-03-06" row="4" /></entry><entry><batch:id>R4C6</batch:id><batch:operation type="update" /><id>https://spreadsheets.google.com/feeds/cells/XXXXXXX/od6/private/full/R4C6</id><link href="https://spreadsheets.google.com/feeds/cells/XXXXXXX/od6/private/full/R4C6" rel="edit" type="application/atom+xml" /><gs:cell col="6" inputValue="parameterized SQL expressions" row="4" /></entry><entry><batch:id>R4C7</batch:id><batch:operation type="update" /><id>https://spreadsheets.google.com/feeds/cells/XXXXXXX/od6/private/full/R4C7</id><link href="https://spreadsheets.google.com/feeds/cells/XXXXXXX/od6/private/full/R4C7" rel="edit" type="application/atom+xml" /><gs:cell col="7" inputValue="single, REQUIRED" row="4" /></entry><entry><batch:id>R4C8</batch:id><batch:operation type="update" /><id>https://spreadsheets.google.com/feeds/cells/XXXXXXX/od6/private/full/R4C8</id><link href="https://spreadsheets.google.com/feeds/cells/XXXXXXX/od6/private/full/R4C8" rel="edit" type="application/atom+xml" /><gs:cell col="8" inputValue="yes as [aggregation]" row="4" /></entry><entry><batch:id>R4C9</batch:id><batch:operation type="update" /><id>https://spreadsheets.google.com/feeds/cells/XXXXXXX/od6/private/full/R4C9</id><link href="https://spreadsheets.google.com/feeds/cells/XXXXXXX/od6/private/full/R4C9" rel="edit" type="application/atom+xml" /><gs:cell col="9" inputValue="yes probably" row="4" /></entry><entry><batch:id>R4C10</batch:id><batch:operation type="update" /><id>https://spreadsheets.google.com/feeds/cells/XXXXXXX/od6/private/full/R4C10</id><link href="https://spreadsheets.google.com/feeds/cells/XXXXXXX/od6/private/full/R4C10" rel="edit" type="application/atom+xml" /><gs:cell col="10" inputValue="one could argue this is a map of { label :  formatter } of which you can pick 1..1 entry to apply. If not selected or reset, defaults to Daily (though UI bug does not mark Daily in aggregation area)." row="4" /></entry><entry><batch:id>R5C1</batch:id><batch:operation type="update" /><id>https://spreadsheets.google.com/feeds/cells/XXXXXXX/od6/private/full/R5C1</id><link href="https://spreadsheets.google.com/feeds/cells/XXXXXXX/od6/private/full/R5C1" rel="edit" type="application/atom+xml" /><gs:cell col="1" inputValue="snippet" row="5" /></entry><entry><batch:id>R5C2</batch:id><batch:operation type="update" /><id>https://spreadsheets.google.com/feeds/cells/XXXXXXX/od6/private/full/R5C2</id><link href="https://spreadsheets.google.com/feeds/cells/XXXXXXX/od6/private/full/R5C2" rel="edit" type="application/atom+xml" /><gs:cell col="2" inputValue="[foo]" row="5" /></entry><entry><batch:id>R5C3</batch:id><batch:operation type="update" /><id>https://spreadsheets.google.com/feeds/cells/XXXXXXX/od6/private/full/R5C3</id><link href="https://spreadsheets.google.com/feeds/cells/XXXXXXX/od6/private/full/R5C3" rel="edit" type="application/atom+xml" /><gs:cell col="3" inputValue="3.804" row="5" /></entry><entry><batch:id>R5C4</batch:id><batch:operation type="update" /><id>https://spreadsheets.google.com/feeds/cells/XXXXXXX/od6/private/full/R5C4</id><link href="https://spreadsheets.google.com/feeds/cells/XXXXXXX/od6/private/full/R5C4" rel="edit" type="application/atom+xml" /><gs:cell col="4" inputValue="=R[0]C[-1]*2" row="5" /></entry><entry><batch:id>R5C5</batch:id><batch:operation type="update" /><id>https://spreadsheets.google.com/feeds/cells/XXXXXXX/od6/private/full/R5C5</id><link href="https://spreadsheets.google.com/feeds/cells/XXXXXXX/od6/private/full/R5C5" rel="edit" type="application/atom+xml" /><gs:cell col="5" inputValue="2017-03-07" row="5" /></entry><entry><batch:id>R5C6</batch:id><batch:operation type="update" /><id>https://spreadsheets.google.com/feeds/cells/XXXXXXX/od6/private/full/R5C6</id><link href="https://spreadsheets.google.com/feeds/cells/XXXXXXX/od6/private/full/R5C6" rel="edit" type="application/atom+xml" /><gs:cell col="6" inputValue="static SQL expressions" row="5" /></entry><entry><batch:id>R5C7</batch:id><batch:operation type="update" /><id>https://spreadsheets.google.com/feeds/cells/XXXXXXX/od6/private/full/R5C7</id><link href="https://spreadsheets.google.com/feeds/cells/XXXXXXX/od6/private/full/R5C7" rel="edit" type="application/atom+xml" /><gs:cell col="7" inputValue="n/a" row="5" /></entry><entry><batch:id>R5C8</batch:id><batch:operation type="update" /><id>https://spreadsheets.google.com/feeds/cells/XXXXXXX/od6/private/full/R5C8</id><link href="https://spreadsheets.google.com/feeds/cells/XXXXXXX/od6/private/full/R5C8" rel="edit" type="application/atom+xml" /><gs:cell col="8" inputValue="n/a" row="5" /></entry><entry><batch:id>R5C9</batch:id><batch:operation type="update" /><id>https://spreadsheets.google.com/feeds/cells/XXXXXXX/od6/private/full/R5C9</id><link href="https://spreadsheets.google.com/feeds/cells/XXXXXXX/od6/private/full/R5C9" rel="edit" type="application/atom+xml" /><gs:cell col="9" inputValue="no" row="5" /></entry><entry><batch:id>R5C10</batch:id><batch:operation type="update" /><id>https://spreadsheets.google.com/feeds/cells/XXXXXXX/od6/private/full/R5C10</id><link href="https://spreadsheets.google.com/feeds/cells/XXXXXXX/od6/private/full/R5C10" rel="edit" type="application/atom+xml" /><gs:cell col="10" inputValue="" row="5" /></entry><entry><batch:id>R6C1</batch:id><batch:operation type="update" /><id>https://spreadsheets.google.com/feeds/cells/XXXXXXX/od6/private/full/R6C1</id><link href="https://spreadsheets.google.com/feeds/cells/XXXXXXX/od6/private/full/R6C1" rel="edit" type="application/atom+xml" /><gs:cell col="1" inputValue="formatter" row="6" /></entry><entry><batch:id>R6C2</batch:id><batch:operation type="update" /><id>https://spreadsheets.google.com/feeds/cells/XXXXXXX/od6/private/full/R6C2</id><link href="https://spreadsheets.google.com/feeds/cells/XXXXXXX/od6/private/full/R6C2" rel="edit" type="application/atom+xml" /><gs:cell col="2" inputValue="[expr:foo]" row="6" /></entry><entry><batch:id>R6C3</batch:id><batch:operation type="update" /><id>https://spreadsheets.google.com/feeds/cells/XXXXXXX/od6/private/full/R6C3</id><link href="https://spreadsheets.google.com/feeds/cells/XXXXXXX/od6/private/full/R6C3" rel="edit" type="application/atom+xml" /><gs:cell col="3" inputValue="4.701" row="6" /></entry><entry><batch:id>R6C4</batch:id><batch:operation type="update" /><id>https://spreadsheets.google.com/feeds/cells/XXXXXXX/od6/private/full/R6C4</id><link href="https://spreadsheets.google.com/feeds/cells/XXXXXXX/od6/private/full/R6C4" rel="edit" type="application/atom+xml" /><gs:cell col="4" inputValue="=R[0]C[-1]*2" row="6" /></entry><entry><batch:id>R6C5</batch:id><batch:operation type="update" /><id>https://spreadsheets.google.com/feeds/cells/XXXXXXX/od6/private/full/R6C5</id><link href="https://spreadsheets.google.com/feeds/cells/XXXXXXX/od6/private/full/R6C5" rel="edit" type="application/atom+xml" /><gs:cell col="5" inputValue="2017-03-08" row="6" /></entry><entry><batch:id>R6C6</batch:id><batch:operation type="update" /><id>https://spreadsheets.google.com/feeds/cells/XXXXXXX/od6/private/full/R6C6</id><link href="https://spreadsheets.google.com/feeds/cells/XXXXXXX/od6/private/full/R6C6" rel="edit" type="application/atom+xml" /><gs:cell col="6" inputValue="parameterized SQL expressions" row="6" /></entry><entry><batch:id>R6C7</batch:id><batch:operation type="update" /><id>https://spreadsheets.google.com/feeds/cells/XXXXXXX/od6/private/full/R6C7</id><link href="https://spreadsheets.google.com/feeds/cells/XXXXXXX/od6/private/full/R6C7" rel="edit" type="application/atom+xml" /><gs:cell col="7" inputValue="n/a" row="6" /></entry><entry><batch:id>R6C8</batch:id><batch:operation type="update" /><id>https://spreadsheets.google.com/feeds/cells/XXXXXXX/od6/private/full/R6C8</id><link href="https://spreadsheets.google.com/feeds/cells/XXXXXXX/od6/private/full/R6C8" rel="edit" type="application/atom+xml" /><gs:cell col="8" inputValue="n/a" row="6" /></entry><entry><batch:id>R6C9</batch:id><batch:operation type="update" /><id>https://spreadsheets.google.com/feeds/cells/XXXXXXX/od6/private/full/R6C9</id><link href="https://spreadsheets.google.com/feeds/cells/XXXXXXX/od6/private/full/R6C9" rel="edit" type="application/atom+xml" /><gs:cell col="9" inputValue="yes" row="6" /></entry><entry><batch:id>R6C10</batch:id><batch:operation type="update" /><id>https://spreadsheets.google.com/feeds/cells/XXXXXXX/od6/private/full/R6C10</id><link href="https://spreadsheets.google.com/feeds/cells/XXXXXXX/od6/private/full/R6C10" rel="edit" type="application/atom+xml" /><gs:cell col="10" inputValue="" row="6" /></entry><entry><batch:id>R7C1</batch:id><batch:operation type="update" /><id>https://spreadsheets.google.com/feeds/cells/XXXXXXX/od6/private/full/R7C1</id><link href="https://spreadsheets.google.com/feeds/cells/XXXXXXX/od6/private/full/R7C1" rel="edit" type="application/atom+xml" /><gs:cell col="1" inputValue="automatic join" row="7" /></entry><entry><batch:id>R7C2</batch:id><batch:operation type="update" /><id>https://spreadsheets.google.com/feeds/cells/XXXXXXX/od6/private/full/R7C2</id><link href="https://spreadsheets.google.com/feeds/cells/XXXXXXX/od6/private/full/R7C2" rel="edit" type="application/atom+xml" /><gs:cell col="2" inputValue="[foo+bar]" row="7" /></entry><entry><batch:id>R7C3</batch:id><batch:operation type="update" /><id>https://spreadsheets.google.com/feeds/cells/XXXXXXX/od6/private/full/R7C3</id><link href="https://spreadsheets.google.com/feeds/cells/XXXXXXX/od6/private/full/R7C3" rel="edit" type="application/atom+xml" /><gs:cell col="3" inputValue="5.598" row="7" /></entry><entry><batch:id>R7C4</batch:id><batch:operation type="update" /><id>https://spreadsheets.google.com/feeds/cells/XXXXXXX/od6/private/full/R7C4</id><link href="https://spreadsheets.google.com/feeds/cells/XXXXXXX/od6/private/full/R7C4" rel="edit" type="application/atom+xml" /><gs:cell col="4" inputValue="=R[0]C[-1]*2" row="7" /></entry><entry><batch:id>R7C5</batch:id><batch:operation type="update" /><id>https://spreadsheets.google.com/feeds/cells/XXXXXXX/od6/private/full/R7C5</id><link href="https://spreadsheets.google.com/feeds/cells/XXXXXXX/od6/private/full/R7C5" rel="edit" type="application/atom+xml" /><gs:cell col="5" inputValue="2017-03-09" row="7" /></entry><entry><batch:id>R7C6</batch:id><batch:operation type="update" /><id>https://spreadsheets.google.com/feeds/cells/XXXXXXX/od6/private/full/R7C6</id><link href="https://spreadsheets.google.com/feeds/cells/XXXXXXX/od6/private/full/R7C6" rel="edit" type="application/atom+xml" /><gs:cell col="6" inputValue="SQL expression with two parameters!" row="7" /></entry><entry><batch:id>R7C7</batch:id><batch:operation type="update" /><id>https://spreadsheets.google.com/feeds/cells/XXXXXXX/od6/private/full/R7C7</id><link href="https://spreadsheets.google.com/feeds/cells/XXXXXXX/od6/private/full/R7C7" rel="edit" type="application/atom+xml" /><gs:cell col="7" inputValue="n/a" row="7" /></entry><entry><batch:id>R7C8</batch:id><batch:operation type="update" /><id>https://spreadsheets.google.com/feeds/cells/XXXXXXX/od6/private/full/R7C8</id><link href="https://spreadsheets.google.com/feeds/cells/XXXXXXX/od6/private/full/R7C8" rel="edit" type="application/atom+xml" /><gs:cell col="8" inputValue="n/a" row="7" /></entry><entry><batch:id>R7C9</batch:id><batch:operation type="update" /><id>https://spreadsheets.google.com/feeds/cells/XXXXXXX/od6/private/full/R7C9</id><link href="https://spreadsheets.google.com/feeds/cells/XXXXXXX/od6/private/full/R7C9" rel="edit" type="application/atom+xml" /><gs:cell col="9" inputValue="???" row="7" /></entry><entry><batch:id>R7C10</batch:id><batch:operation type="update" /><id>https://spreadsheets.google.com/feeds/cells/XXXXXXX/od6/private/full/R7C10</id><link href="https://spreadsheets.google.com/feeds/cells/XXXXXXX/od6/private/full/R7C10" rel="edit" type="application/atom+xml" /><gs:cell col="10" inputValue="uses key name conventions as rules to determine join columns" row="7" /></entry><entry><batch:id>R8C1</batch:id><batch:operation type="update" /><id>https://spreadsheets.google.com/feeds/cells/XXXXXXX/od6/private/full/R8C1</id><link href="https://spreadsheets.google.com/feeds/cells/XXXXXXX/od6/private/full/R8C1" rel="edit" type="application/atom+xml" /><gs:cell col="1" inputValue="Proposed Thingy" row="8" /></entry><entry><batch:id>R8C2</batch:id><batch:operation type="update" /><id>https://spreadsheets.google.com/feeds/cells/XXXXXXX/od6/private/full/R8C2</id><link href="https://spreadsheets.google.com/feeds/cells/XXXXXXX/od6/private/full/R8C2" rel="edit" type="application/atom+xml" /><gs:cell col="2" inputValue="Syntax" row="8" /></entry><entry><batch:id>R8C3</batch:id><batch:operation type="update" /><id>https://spreadsheets.google.com/feeds/cells/XXXXXXX/od6/private/full/R8C3</id><link href="https://spreadsheets.google.com/feeds/cells/XXXXXXX/od6/private/full/R8C3" rel="edit" type="application/atom+xml" /><gs:cell col="3" inputValue="6.495" row="8" /></entry><entry><batch:id>R8C4</batch:id><batch:operation type="update" /><id>https://spreadsheets.google.com/feeds/cells/XXXXXXX/od6/private/full/R8C4</id><link href="https://spreadsheets.google.com/feeds/cells/XXXXXXX/od6/private/full/R8C4" rel="edit" type="application/atom+xml" /><gs:cell col="4" inputValue="=R[0]C[-1]*2" row="8" /></entry><entry><batch:id>R8C5</batch:id><batch:operation type="update" /><id>https://spreadsheets.google.com/feeds/cells/XXXXXXX/od6/private/full/R8C5</id><link href="https://spreadsheets.google.com/feeds/cells/XXXXXXX/od6/private/full/R8C5" rel="edit" type="application/atom+xml" /><gs:cell col="5" inputValue="2017-03-10" row="8" /></entry><entry><batch:id>R8C6</batch:id><batch:operation type="update" /><id>https://spreadsheets.google.com/feeds/cells/XXXXXXX/od6/private/full/R8C6</id><link href="https://spreadsheets.google.com/feeds/cells/XXXXXXX/od6/private/full/R8C6" rel="edit" type="application/atom+xml" /><gs:cell col="6" inputValue="Values are..." row="8" /></entry><entry><batch:id>R8C7</batch:id><batch:operation type="update" /><id>https://spreadsheets.google.com/feeds/cells/XXXXXXX/od6/private/full/R8C7</id><link href="https://spreadsheets.google.com/feeds/cells/XXXXXXX/od6/private/full/R8C7" rel="edit" type="application/atom+xml" /><gs:cell col="7" inputValue="Selection" row="8" /></entry><entry><batch:id>R8C8</batch:id><batch:operation type="update" /><id>https://spreadsheets.google.com/feeds/cells/XXXXXXX/od6/private/full/R8C8</id><link href="https://spreadsheets.google.com/feeds/cells/XXXXXXX/od6/private/full/R8C8" rel="edit" type="application/atom+xml" /><gs:cell col="8" inputValue="Label(s) referencible in chart title" row="8" /></entry><entry><batch:id>R8C9</batch:id><batch:operation type="update" /><id>https://spreadsheets.google.com/feeds/cells/XXXXXXX/od6/private/full/R8C9</id><link href="https://spreadsheets.google.com/feeds/cells/XXXXXXX/od6/private/full/R8C9" rel="edit" type="application/atom+xml" /><gs:cell col="9" inputValue="Dialect-specific implementations" row="8" /></entry><entry><batch:id>R8C10</batch:id><batch:operation type="update" /><id>https://spreadsheets.google.com/feeds/cells/XXXXXXX/od6/private/full/R8C10</id><link href="https://spreadsheets.google.com/feeds/cells/XXXXXXX/od6/private/full/R8C10" rel="edit" type="application/atom+xml" /><gs:cell col="10" inputValue="Notes" row="8" /></entry><entry><batch:id>R9C1</batch:id><batch:operation type="update" /><id>https://spreadsheets.google.com/feeds/cells/XXXXXXX/od6/private/full/R9C1</id><link href="https://spreadsheets.google.com/feeds/cells/XXXXXXX/od6/private/full/R9C1" rel="edit" type="application/atom+xml" /><gs:cell col="1" inputValue="parameterized snippet" row="9" /></entry><entry><batch:id>R9C2</batch:id><batch:operation type="update" /><id>https://spreadsheets.google.com/feeds/cells/XXXXXXX/od6/private/full/R9C2</id><link href="https://spreadsheets.google.com/feeds/cells/XXXXXXX/od6/private/full/R9C2" rel="edit" type="application/atom+xml" /><gs:cell col="2" inputValue="[expr::foo]" row="9" /></entry><entry><batch:id>R9C3</batch:id><batch:operation type="update" /><id>https://spreadsheets.google.com/feeds/cells/XXXXXXX/od6/private/full/R9C3</id><link href="https://spreadsheets.google.com/feeds/cells/XXXXXXX/od6/private/full/R9C3" rel="edit" type="application/atom+xml" /><gs:cell col="3" inputValue="7.392" row="9" /></entry><entry><batch:id>R9C4</batch:id><batch:operation type="update" /><id>https://spreadsheets.google.com/feeds/cells/XXXXXXX/od6/private/full/R9C4</id><link href="https://spreadsheets.google.com/feeds/cells/XXXXXXX/od6/private/full/R9C4" rel="edit" type="application/atom+xml" /><gs:cell col="4" inputValue="=R[0]C[-1]*2" row="9" /></entry><entry><batch:id>R9C5</batch:id><batch:operation type="update" /><id>https://spreadsheets.google.com/feeds/cells/XXXXXXX/od6/private/full/R9C5</id><link href="https://spreadsheets.google.com/feeds/cells/XXXXXXX/od6/private/full/R9C5" rel="edit" type="application/atom+xml" /><gs:cell col="5" inputValue="2017-03-11" row="9" /></entry><entry><batch:id>R9C6</batch:id><batch:operation type="update" /><id>https://spreadsheets.google.com/feeds/cells/XXXXXXX/od6/private/full/R9C6</id><link href="https://spreadsheets.google.com/feeds/cells/XXXXXXX/od6/private/full/R9C6" rel="edit" type="application/atom+xml" /><gs:cell col="6" inputValue="parameterized SQL expressions" row="9" /></entry><entry><batch:id>R9C7</batch:id><batch:operation type="update" /><id>https://spreadsheets.google.com/feeds/cells/XXXXXXX/od6/private/full/R9C7</id><link href="https://spreadsheets.google.com/feeds/cells/XXXXXXX/od6/private/full/R9C7" rel="edit" type="application/atom+xml" /><gs:cell col="7" inputValue="n/a" row="9" /></entry><entry><batch:id>R9C8</batch:id><batch:operation type="update" /><id>https://spreadsheets.google.com/feeds/cells/XXXXXXX/od6/private/full/R9C8</id><link href="https://spreadsheets.google.com/feeds/cells/XXXXXXX/od6/private/full/R9C8" rel="edit" type="application/atom+xml" /><gs:cell col="8" inputValue="n/a" row="9" /></entry><entry><batch:id>R9C9</batch:id><batch:operation type="update" /><id>https://spreadsheets.google.com/feeds/cells/XXXXXXX/od6/private/full/R9C9</id><link href="https://spreadsheets.google.com/feeds/cells/XXXXXXX/od6/private/full/R9C9" rel="edit" type="application/atom+xml" /><gs:cell col="9" inputValue="" row="9" /></entry><entry><batch:id>R9C10</batch:id><batch:operation type="update" /><id>https://spreadsheets.google.com/feeds/cells/XXXXXXX/od6/private/full/R9C10</id><link href="https://spreadsheets.google.com/feeds/cells/XXXXXXX/od6/private/full/R9C10" rel="edit" type="application/atom+xml" /><gs:cell col="10" inputValue="Syntax not decided yet; unique among macro types in that it can evaluate all other macro types when rendering" row="9" /></entry><entry><batch:id>R10C1</batch:id><batch:operation type="update" /><id>https://spreadsheets.google.com/feeds/cells/XXXXXXX/od6/private/full/R10C1</id><link href="https://spreadsheets.google.com/feeds/cells/XXXXXXX/od6/private/full/R10C1" rel="edit" type="application/atom+xml" /><gs:cell col="1" inputValue="filter as SQL expression" row="10" /></entry><entry><batch:id>R10C2</batch:id><batch:operation type="update" /><id>https://spreadsheets.google.com/feeds/cells/XXXXXXX/od6/private/full/R10C2</id><link href="https://spreadsheets.google.com/feeds/cells/XXXXXXX/od6/private/full/R10C2" rel="edit" type="application/atom+xml" /><gs:cell col="2" inputValue="[expr=foo]" row="10" /></entry><entry><batch:id>R10C3</batch:id><batch:operation type="update" /><id>https://spreadsheets.google.com/feeds/cells/XXXXXXX/od6/private/full/R10C3</id><link href="https://spreadsheets.google.com/feeds/cells/XXXXXXX/od6/private/full/R10C3" rel="edit" type="application/atom+xml" /><gs:cell col="3" inputValue="8.289" row="10" /></entry><entry><batch:id>R10C4</batch:id><batch:operation type="update" /><id>https://spreadsheets.google.com/feeds/cells/XXXXXXX/od6/private/full/R10C4</id><link href="https://spreadsheets.google.com/feeds/cells/XXXXXXX/od6/private/full/R10C4" rel="edit" type="application/atom+xml" /><gs:cell col="4" inputValue="=R[0]C[-1]*2" row="10" /></entry><entry><batch:id>R10C5</batch:id><batch:operation type="update" /><id>https://spreadsheets.google.com/feeds/cells/XXXXXXX/od6/private/full/R10C5</id><link href="https://spreadsheets.google.com/feeds/cells/XXXXXXX/od6/private/full/R10C5" rel="edit" type="application/atom+xml" /><gs:cell col="5" inputValue="2017-03-12" row="10" /></entry><entry><batch:id>R10C6</batch:id><batch:operation type="update" /><id>https://spreadsheets.google.com/feeds/cells/XXXXXXX/od6/private/full/R10C6</id><link href="https://spreadsheets.google.com/feeds/cells/XXXXXXX/od6/private/full/R10C6" rel="edit" type="application/atom+xml" /><gs:cell col="6" inputValue="static SQL expression" row="10" /></entry><entry><batch:id>R10C7</batch:id><batch:operation type="update" /><id>https://spreadsheets.google.com/feeds/cells/XXXXXXX/od6/private/full/R10C7</id><link href="https://spreadsheets.google.com/feeds/cells/XXXXXXX/od6/private/full/R10C7" rel="edit" type="application/atom+xml" /><gs:cell col="7" inputValue="multiple" row="10" /></entry><entry><batch:id>R10C8</batch:id><batch:operation type="update" /><id>https://spreadsheets.google.com/feeds/cells/XXXXXXX/od6/private/full/R10C8</id><link href="https://spreadsheets.google.com/feeds/cells/XXXXXXX/od6/private/full/R10C8" rel="edit" type="application/atom+xml" /><gs:cell col="8" inputValue="no" row="10" /></entry><entry><batch:id>R10C9</batch:id><batch:operation type="update" /><id>https://spreadsheets.google.com/feeds/cells/XXXXXXX/od6/private/full/R10C9</id><link href="https://spreadsheets.google.com/feeds/cells/XXXXXXX/od6/private/full/R10C9" rel="edit" type="application/atom+xml" /><gs:cell col="9" inputValue="no" row="10" /></entry><entry><batch:id>R10C10</batch:id><batch:operation type="update" /><id>https://spreadsheets.google.com/feeds/cells/XXXXXXX/od6/private/full/R10C10</id><link href="https://spreadsheets.google.com/feeds/cells/XXXXXXX/od6/private/full/R10C10" rel="edit" type="application/atom+xml" /><gs:cell col="10" inputValue="map of { label : expression } of which you can pick 0..N-1. their expressions just get ORed together." row="10" /></entry></feed>

